
(((((1) 2 NIL 3 NIL) 3 (4) 6 (NIL 8 NIL 8 ((9) 10 NIL 12 NIL))) 12 NIL 12
  ((NIL 13 (NIL 14 NIL 15 (16 17)) 17 (((19) 21 NIL 21 (22)) 22 NIL 22 NIL)) 22
   NIL 23 NIL))
 23
 (((24) 25 ((26) 27 NIL 29 NIL) 29 ((30) 30 (32) 33 NIL)) 34
  (NIL 35 (37) 37 ((38 38) 38 NIL 40 (41))) 43
  (((45) 46 NIL 47 NIL) 48 ((49) 49 NIL 49 NIL) 52 NIL))
 52
 (((56) 57 (59) 60 (((62 62) 62 (64) 65 (68 71)) 74 NIL 74 (77))) 78
  (((((80) 80 (82) 82 NIL) 82 (83) 83 NIL) 83 (84) 84 NIL) 84 NIL 85 (86)) 87
  ((NIL 88 NIL 89 (90)) 90 (NIL 91 (92) 94 (95 95)) 95
   ((96) 97 (100) 100 NIL)))) 
