
(((NIL 0 (2) 2 NIL) 2 NIL 4 NIL) 4 (5 5) 6
 ((7) 8 ((9 12) 14 (15) 15 (17)) 18 (19 19))) 
